error: Parameter 'nonexistent' found in docstring but not in function parameters
  --> tests/ui/extra_param_in_docstring.rs:42:1
   |
42 | fn function_with_extra_param(param1: String) -> String {
   | ^^^^^^^^^^^^^^^^^^^^^^^^^^^^^^^^^^^^^^^^^^^^^^^^^^^^^^
